RAILWAYPROJECT_ID15_khedbrahma_20251216_101043.xlsx
RAILWAYPROJECT_ID15_khedbrahma_20251216_101654.xlsx
RAILWAYPROJECT_ID15_khedbrahma_20251216_103103.xlsx
RAILWAYPROJECT_ID15_khedbrahma_20251216_103425.xlsx
RAILWAYPROJECT_ID15_khedbrahma_20251216_104348.xlsx
RAILWAYPROJECT_ID15_khedbrahma_20251216_104907.xlsx
RAILWAYPROJECT_ID15_khedbrahma_20251216_110653.xlsx
RAILWAYPROJECT_ID15_khedbrahma_20251216_111646.xlsx
RAILWAYPROJECT_ID15_khedbrahma_20251216_120937.xlsx
RAILWAYPROJECT_ID15_khedbrahma_20251216_121715.xlsx
RAILWAYPROJECT_ID15_khedbrahma_20251216_123312.xlsx
RAILWAYPROJECT_ID15_khedbrahma_20251216_130029.xlsx
RAILWAYPROJECT_ID15_khedbrahma_20251216_130507.xlsx
RAILWAYPROJECT_ID15_khedbrahma_20251216_142926.xlsx
RAILWAYPROJECT_ID15_khedbrahma_20251216_142651.xlsx
RAILWAYPROJECT_ID15_khedbrahma_20251216_143626.xlsx
RAILWAYPROJECT_ID18_Bhavnagar_20251216_155023.xlsx
RAILWAYPROJECT_ID21_Ahmedabad_20251216_155313.xlsx
RAILWAYPROJECT_ID14_Siddhpur_20260102_161710.xlsx
RAILWAYPROJECT_ID45_Mumbai_20260102_163318.xlsx
RAILWAYPROJECT_ID45_Mumbai_20260102_165227.xlsx
RAILWAYPROJECT_ID42_test_20260102_170408.xlsx
RAILWAYPROJECT_ID48_N-1_20260102_170635.xlsx
RAILWAYPROJECT_ID45_Mumbai_20260102_171609.xlsx
RAILWAYPROJECT_ID46_Vatva_20260103_110752.xlsx
RAILWAYPROJECT_ID51_xyz_20260103_113722.xlsx
RAILWAYPROJECT_ID51_xyz_20260103_115159.xlsx
RAILWAYPROJECT_ID14_Siddhpur_20260107_142351.xlsx
RAILWAYPROJECT_ID50_kalol_station_20260112_115439.xlsx
RAILWAYPROJECT_ID50_kalol_station_20260112_115651.xlsx
RAILWAYPROJECT_ID51_xyz_20260112_141845.xlsx
RAILWAYPROJECT_ID46_Vatva_20260112_142118.xlsx
RAILWAYPROJECT_ID46_Vatva_20260112_144201.xlsx
RAILWAYPROJECT_ID24_test100_20260112_182118.xlsx
RAILWAYPROJECT_ID24_test100_20260112_182810.xlsx
RAILWAYPROJECT_ID25_kalol_20260112_185216.xlsx
PREVIEW_RAILWAYPROJECT_ID24_test100_20260113_143546.xlsx
PREVIEW_RAILWAYPROJECT_ID24_test100_20260113_144302.xlsx
RAILWAYPROJECT_ID24_test100_20260113_144550.xlsx
PREVIEW_RAILWAYPROJECT_ID17_test2_20260113_145911.xlsx
PREVIEW_RAILWAYPROJECT_ID17_test2_20260113_150127.xlsx
PREVIEW_RAILWAYPROJECT_ID17_test2_20260113_150410.xlsx
PREVIEW_RAILWAYPROJECT_ID49_kll_20260113_171433.xlsx
PREVIEW_RAILWAYPROJECT_ID49_kll_20260113_173201.xlsx
RAILWAYPROJECT_ID52_LAA_20260113_181052.xlsx
PREVIEW_RAILWAYPROJECT_ID52_LAA_20260113_181539.xlsx
PREVIEW_RAILWAYPROJECT_ID52_LAA_20260113_181354.xlsx
PREVIEW_RAILWAYPROJECT_ID52_LAA_20260113_181419.xlsx
PREVIEW_RAILWAYPROJECT_ID26_test111_20260116_145648.xlsx
PREVIEW_RAILWAYPROJECT_ID26_test111_20260116_150254.xlsx
PREVIEW_RAILWAYPROJECT_ID26_test111_20260116_150430.xlsx
RAILWAYPROJECT_ID26_test111_20260116_150525.xlsx
PREVIEW_RAILWAYPROJECT_ID26_test111_20260116_151354.xlsx
RAILWAYPROJECT_ID49_kll_20260119_094105.xlsx
PROJECT_15_KHEDBRAHMA_JUNCTION_2_sdasd_F_20260121_124409.xlsx
PROJECT_53_Testing_JUNCTION_1_a1_F_20260121_125033.xlsx
PREVIEW_RAILWAYPROJECT_ID53_Testing_20260121_142240.xlsx
PROJECT_14_Siddhpur_JUNCTION_1_AC_1_H_20260121_160602.xlsx
PROJECT_53_Testing_JUNCTION_2_a2_F_20260122_102231.xlsx
PROJECT_53_Testing_JUNCTION_1_a1_F_20260122_102551.xlsx
PROJECT_49_kll_JUNCTION_1_AC_BOX_NO.K6__F_20260122_123400.xlsx
PROJECT_49_kll_JUNCTION_1_AC_BOX_NO.K6__F_20260122_123408.xlsx
PREVIEW_RAILWAYPROJECT_ID55_test01_20260123_094507.xlsx
RAILWAYPROJECT_ID55_test01_20260123_094743.xlsx
RAILWAYPROJECT_ID55_test01_20260123_094922.xlsx
